[INFO] Scanning for projects...
[INFO] 
[INFO] ----------------------< com.fpt:asset-management >----------------------
[INFO] Building FPT Asset Management System 1.0.0
[INFO]   from pom.xml
[INFO] --------------------------------[ jar ]---------------------------------
[INFO] 
[INFO] --- resources:3.3.1:resources (default-resources) @ asset-management ---
[INFO] Copying 1 resource from src\main\resources to target\classes
[INFO] Copying 12 resources from src\main\resources to target\classes
[INFO] 
[INFO] --- compiler:3.11.0:compile (default-compile) @ asset-management ---
[INFO] Changes detected - recompiling the module! :source
[INFO] Compiling 70 source files with javac [debug release 21] to target\classes
[INFO] -------------------------------------------------------------
[ERROR] COMPILATION ERROR : 
[INFO] -------------------------------------------------------------
[ERROR] /C:/Users/PC/Downloads/fpt-asset-management/src/main/java/com/dtoan/project/fptassetmanagement/api/TicketApiController.java:[65,9] illegal start of expression
[INFO] 1 error
[INFO] -------------------------------------------------------------
[INFO] ------------------------------------------------------------------------
[INFO] BUILD FAILURE
[INFO] ------------------------------------------------------------------------
[INFO] Total time:  1.277 s
[INFO] Finished at: 2026-04-03T01:09:43+07:00
[INFO] ------------------------------------------------------------------------
[ERROR] Failed to execute goal org.apache.maven.plugins:maven-compiler-plugin:3.11.0:compile (default-compile) on project asset-management: Compilation failure
[ERROR] /C:/Users/PC/Downloads/fpt-asset-management/src/main/java/com/dtoan/project/fptassetmanagement/api/TicketApiController.java:[65,9] illegal start of expression
[ERROR] 
[ERROR] -> [Help 1]
[ERROR] 
[ERROR] To see the full stack trace of the errors, re-run Maven with the -e switch.
[ERROR] Re-run Maven using the -X switch to enable full debug logging.
[ERROR] 
[ERROR] For more information about the errors and possible solutions, please read the following articles:
[ERROR] [Help 1] http://cwiki.apache.org/confluence/display/MAVEN/MojoFailureException
